// Jest Snapshot v1, https://goo.gl/fbAQLP

exports[`<App /> should render according the snapshot 1`] = `
ShallowWrapper {
  "complexSelector": ComplexSelector {
    "buildPredicate": [Function],
    "childrenOfNode": [Function],
    "findWhereUnwrapped": [Function],
  },
  "length": 1,
  "node": <div
    className="App"
>
    <Masthead />
    <Connect(Tabs)
        onSwitchTab={[Function]}
    />
    <Aggregator
        activeWallet={
            Object {
                "balance": Object {
                  "amount": "800",
                  "currency": "GBP",
                },
                "currency": "BTC",
                "id": "58542935-67b5-56e1-a3f9-42686e07fa40",
                "name": "BTC",
                "purchases": Array [
                  Object {
                    "currency": "BTC",
                    "id": "9e14d574-30fa-5d85-b02c-6be0d851d61d",
                    "total": Object {
                      "amount": "101.01",
                      "currency": "GBP",
                    },
                  },
                  Object {
                    "currency": "BTC",
                    "id": "8e14d574-30fa-5d85-b02c-6be0d851d61d",
                    "total": Object {
                      "amount": "202.02",
                      "currency": "GBP",
                    },
                  },
                  Object {
                    "currency": "BTC",
                    "id": "8e14d574-30fa-5d85-b02c-6be0d851d61d",
                    "total": Object {
                      "amount": "303.03",
                      "currency": "GBP",
                    },
                  },
                ],
              }
        }
        isLoading={false}
    />
    <Purchases
        activeWalletName="BTC"
        isLoading={false}
        purchases={
            Array [
                Object {
                  "currency": "BTC",
                  "id": "9e14d574-30fa-5d85-b02c-6be0d851d61d",
                  "total": Object {
                    "amount": "101.01",
                    "currency": "GBP",
                  },
                },
                Object {
                  "currency": "BTC",
                  "id": "8e14d574-30fa-5d85-b02c-6be0d851d61d",
                  "total": Object {
                    "amount": "202.02",
                    "currency": "GBP",
                  },
                },
                Object {
                  "currency": "BTC",
                  "id": "8e14d574-30fa-5d85-b02c-6be0d851d61d",
                  "total": Object {
                    "amount": "303.03",
                    "currency": "GBP",
                  },
                },
              ]
        }
    />
</div>,
  "nodes": Array [
    <div
      className="App"
>
      <Masthead />
      <Connect(Tabs)
            onSwitchTab={[Function]}
      />
      <Aggregator
            activeWallet={
                  Object {
                        "balance": Object {
                          "amount": "800",
                          "currency": "GBP",
                        },
                        "currency": "BTC",
                        "id": "58542935-67b5-56e1-a3f9-42686e07fa40",
                        "name": "BTC",
                        "purchases": Array [
                          Object {
                            "currency": "BTC",
                            "id": "9e14d574-30fa-5d85-b02c-6be0d851d61d",
                            "total": Object {
                              "amount": "101.01",
                              "currency": "GBP",
                            },
                          },
                          Object {
                            "currency": "BTC",
                            "id": "8e14d574-30fa-5d85-b02c-6be0d851d61d",
                            "total": Object {
                              "amount": "202.02",
                              "currency": "GBP",
                            },
                          },
                          Object {
                            "currency": "BTC",
                            "id": "8e14d574-30fa-5d85-b02c-6be0d851d61d",
                            "total": Object {
                              "amount": "303.03",
                              "currency": "GBP",
                            },
                          },
                        ],
                      }
            }
            isLoading={false}
      />
      <Purchases
            activeWalletName="BTC"
            isLoading={false}
            purchases={
                  Array [
                        Object {
                          "currency": "BTC",
                          "id": "9e14d574-30fa-5d85-b02c-6be0d851d61d",
                          "total": Object {
                            "amount": "101.01",
                            "currency": "GBP",
                          },
                        },
                        Object {
                          "currency": "BTC",
                          "id": "8e14d574-30fa-5d85-b02c-6be0d851d61d",
                          "total": Object {
                            "amount": "202.02",
                            "currency": "GBP",
                          },
                        },
                        Object {
                          "currency": "BTC",
                          "id": "8e14d574-30fa-5d85-b02c-6be0d851d61d",
                          "total": Object {
                            "amount": "303.03",
                            "currency": "GBP",
                          },
                        },
                      ]
            }
      />
</div>,
  ],
  "options": Object {},
  "renderer": ReactShallowRenderer {
    "_instance": ShallowComponentWrapper {
      "_calledComponentWillUnmount": false,
      "_compositeType": 0,
      "_context": Object {},
      "_currentElement": <App
        activeWallet={
                Object {
                        "balance": Object {
                          "amount": "800",
                          "currency": "GBP",
                        },
                        "currency": "BTC",
                        "id": "58542935-67b5-56e1-a3f9-42686e07fa40",
                        "name": "BTC",
                        "purchases": Array [
                          Object {
                            "currency": "BTC",
                            "id": "9e14d574-30fa-5d85-b02c-6be0d851d61d",
                            "total": Object {
                              "amount": "101.01",
                              "currency": "GBP",
                            },
                          },
                          Object {
                            "currency": "BTC",
                            "id": "8e14d574-30fa-5d85-b02c-6be0d851d61d",
                            "total": Object {
                              "amount": "202.02",
                              "currency": "GBP",
                            },
                          },
                          Object {
                            "currency": "BTC",
                            "id": "8e14d574-30fa-5d85-b02c-6be0d851d61d",
                            "total": Object {
                              "amount": "303.03",
                              "currency": "GBP",
                            },
                          },
                        ],
                      }
        }
        getAccountData={[Function]}
        isLoading={false}
        switchWallet={[Function]}
/>,
      "_debugID": 1,
      "_hostContainerInfo": null,
      "_hostParent": null,
      "_instance": App {
        "_reactInternalInstance": [Circular],
        "context": Object {},
        "props": Object {
          "activeWallet": Object {
            "balance": Object {
              "amount": "800",
              "currency": "GBP",
            },
            "currency": "BTC",
            "id": "58542935-67b5-56e1-a3f9-42686e07fa40",
            "name": "BTC",
            "purchases": Array [
              Object {
                "currency": "BTC",
                "id": "9e14d574-30fa-5d85-b02c-6be0d851d61d",
                "total": Object {
                  "amount": "101.01",
                  "currency": "GBP",
                },
              },
              Object {
                "currency": "BTC",
                "id": "8e14d574-30fa-5d85-b02c-6be0d851d61d",
                "total": Object {
                  "amount": "202.02",
                  "currency": "GBP",
                },
              },
              Object {
                "currency": "BTC",
                "id": "8e14d574-30fa-5d85-b02c-6be0d851d61d",
                "total": Object {
                  "amount": "303.03",
                  "currency": "GBP",
                },
              },
            ],
          },
          "getAccountData": [Function],
          "isLoading": false,
          "switchWallet": [Function],
        },
        "refs": Object {},
        "state": null,
        "switchWallet": [Function],
        "updater": Object {
          "enqueueCallback": [Function],
          "enqueueCallbackInternal": [Function],
          "enqueueElementInternal": [Function],
          "enqueueForceUpdate": [Function],
          "enqueueReplaceState": [Function],
          "enqueueSetState": [Function],
          "isMounted": [Function],
          "validateCallback": [Function],
        },
      },
      "_mountOrder": 1,
      "_pendingCallbacks": null,
      "_pendingElement": null,
      "_pendingForceUpdate": false,
      "_pendingReplaceState": false,
      "_pendingStateQueue": null,
      "_renderedComponent": NoopInternalComponent {
        "_currentElement": <div
          className="App"
>
          <Masthead />
          <Connect(Tabs)
                    onSwitchTab={[Function]}
          />
          <Aggregator
                    activeWallet={
                              Object {
                                        "balance": Object {
                                          "amount": "800",
                                          "currency": "GBP",
                                        },
                                        "currency": "BTC",
                                        "id": "58542935-67b5-56e1-a3f9-42686e07fa40",
                                        "name": "BTC",
                                        "purchases": Array [
                                          Object {
                                            "currency": "BTC",
                                            "id": "9e14d574-30fa-5d85-b02c-6be0d851d61d",
                                            "total": Object {
                                              "amount": "101.01",
                                              "currency": "GBP",
                                            },
                                          },
                                          Object {
                                            "currency": "BTC",
                                            "id": "8e14d574-30fa-5d85-b02c-6be0d851d61d",
                                            "total": Object {
                                              "amount": "202.02",
                                              "currency": "GBP",
                                            },
                                          },
                                          Object {
                                            "currency": "BTC",
                                            "id": "8e14d574-30fa-5d85-b02c-6be0d851d61d",
                                            "total": Object {
                                              "amount": "303.03",
                                              "currency": "GBP",
                                            },
                                          },
                                        ],
                                      }
                    }
                    isLoading={false}
          />
          <Purchases
                    activeWalletName="BTC"
                    isLoading={false}
                    purchases={
                              Array [
                                        Object {
                                          "currency": "BTC",
                                          "id": "9e14d574-30fa-5d85-b02c-6be0d851d61d",
                                          "total": Object {
                                            "amount": "101.01",
                                            "currency": "GBP",
                                          },
                                        },
                                        Object {
                                          "currency": "BTC",
                                          "id": "8e14d574-30fa-5d85-b02c-6be0d851d61d",
                                          "total": Object {
                                            "amount": "202.02",
                                            "currency": "GBP",
                                          },
                                        },
                                        Object {
                                          "currency": "BTC",
                                          "id": "8e14d574-30fa-5d85-b02c-6be0d851d61d",
                                          "total": Object {
                                            "amount": "303.03",
                                            "currency": "GBP",
                                          },
                                        },
                                      ]
                    }
          />
</div>,
        "_debugID": 2,
        "_renderedOutput": <div
          className="App"
>
          <Masthead />
          <Connect(Tabs)
                    onSwitchTab={[Function]}
          />
          <Aggregator
                    activeWallet={
                              Object {
                                        "balance": Object {
                                          "amount": "800",
                                          "currency": "GBP",
                                        },
                                        "currency": "BTC",
                                        "id": "58542935-67b5-56e1-a3f9-42686e07fa40",
                                        "name": "BTC",
                                        "purchases": Array [
                                          Object {
                                            "currency": "BTC",
                                            "id": "9e14d574-30fa-5d85-b02c-6be0d851d61d",
                                            "total": Object {
                                              "amount": "101.01",
                                              "currency": "GBP",
                                            },
                                          },
                                          Object {
                                            "currency": "BTC",
                                            "id": "8e14d574-30fa-5d85-b02c-6be0d851d61d",
                                            "total": Object {
                                              "amount": "202.02",
                                              "currency": "GBP",
                                            },
                                          },
                                          Object {
                                            "currency": "BTC",
                                            "id": "8e14d574-30fa-5d85-b02c-6be0d851d61d",
                                            "total": Object {
                                              "amount": "303.03",
                                              "currency": "GBP",
                                            },
                                          },
                                        ],
                                      }
                    }
                    isLoading={false}
          />
          <Purchases
                    activeWalletName="BTC"
                    isLoading={false}
                    purchases={
                              Array [
                                        Object {
                                          "currency": "BTC",
                                          "id": "9e14d574-30fa-5d85-b02c-6be0d851d61d",
                                          "total": Object {
                                            "amount": "101.01",
                                            "currency": "GBP",
                                          },
                                        },
                                        Object {
                                          "currency": "BTC",
                                          "id": "8e14d574-30fa-5d85-b02c-6be0d851d61d",
                                          "total": Object {
                                            "amount": "202.02",
                                            "currency": "GBP",
                                          },
                                        },
                                        Object {
                                          "currency": "BTC",
                                          "id": "8e14d574-30fa-5d85-b02c-6be0d851d61d",
                                          "total": Object {
                                            "amount": "303.03",
                                            "currency": "GBP",
                                          },
                                        },
                                      ]
                    }
          />
</div>,
      },
      "_renderedNodeType": 0,
      "_rootNodeID": 0,
      "_topLevelWrapper": null,
      "_updateBatchNumber": null,
      "_warnedAboutRefsInRender": false,
    },
    "getRenderOutput": [Function],
    "render": [Function],
  },
  "root": [Circular],
  "unrendered": <App
    activeWallet={
        Object {
            "balance": Object {
              "amount": "800",
              "currency": "GBP",
            },
            "currency": "BTC",
            "id": "58542935-67b5-56e1-a3f9-42686e07fa40",
            "name": "BTC",
            "purchases": Array [
              Object {
                "currency": "BTC",
                "id": "9e14d574-30fa-5d85-b02c-6be0d851d61d",
                "total": Object {
                  "amount": "101.01",
                  "currency": "GBP",
                },
              },
              Object {
                "currency": "BTC",
                "id": "8e14d574-30fa-5d85-b02c-6be0d851d61d",
                "total": Object {
                  "amount": "202.02",
                  "currency": "GBP",
                },
              },
              Object {
                "currency": "BTC",
                "id": "8e14d574-30fa-5d85-b02c-6be0d851d61d",
                "total": Object {
                  "amount": "303.03",
                  "currency": "GBP",
                },
              },
            ],
          }
    }
    getAccountData={[Function]}
    isLoading={false}
    switchWallet={[Function]}
/>,
}
`;
