// Jest Snapshot v1, https://goo.gl/fbAQLP

exports[`<Aggregator /> should render according the snapshot 1`] = `
ShallowWrapper {
  "complexSelector": ComplexSelector {
    "buildPredicate": [Function],
    "childrenOfNode": [Function],
    "findWhereUnwrapped": [Function],
  },
  "length": 1,
  "node": <section
    className="aggregator"
>
    <div
        className="aggregator__container"
    >
        <h1
            className="aggregator__pl-currency"
        >
            <Indicator
                className="aggregator__pl-indicator"
                inProfit={true}
            />
            <span>
                £193.94
            </span>
        </h1>
        <div
            className="aggregator__metadata"
        >
            <span>
                £606.06 paid
            </span>
            <span>
                £800 now
            </span>
            <span>
                +32%
            </span>
        </div>
    </div>
</section>,
  "nodes": Array [
    <section
      className="aggregator"
>
      <div
            className="aggregator__container"
      >
            <h1
                  className="aggregator__pl-currency"
            >
                  <Indicator
                        className="aggregator__pl-indicator"
                        inProfit={true}
                  />
                  <span>
                        £193.94
                  </span>
            </h1>
            <div
                  className="aggregator__metadata"
            >
                  <span>
                        £606.06 paid
                  </span>
                  <span>
                        £800 now
                  </span>
                  <span>
                        +32%
                  </span>
            </div>
      </div>
</section>,
  ],
  "options": Object {},
  "renderer": ReactShallowRenderer {
    "_instance": ShallowComponentWrapper {
      "_calledComponentWillUnmount": false,
      "_compositeType": 0,
      "_context": Object {},
      "_currentElement": <Aggregator
        activeWallet={
                Object {
                        "balance": Object {
                          "amount": "800",
                          "currency": "GBP",
                        },
                        "currency": "BTC",
                        "id": "58542935-67b5-56e1-a3f9-42686e07fa40",
                        "name": "BTC",
                        "purchases": Array [
                          Object {
                            "currency": "BTC",
                            "id": "9e14d574-30fa-5d85-b02c-6be0d851d61d",
                            "total": Object {
                              "amount": "101.01",
                              "currency": "GBP",
                            },
                          },
                          Object {
                            "currency": "BTC",
                            "id": "8e14d574-30fa-5d85-b02c-6be0d851d61d",
                            "total": Object {
                              "amount": "202.02",
                              "currency": "GBP",
                            },
                          },
                          Object {
                            "currency": "BTC",
                            "id": "8e14d574-30fa-5d85-b02c-6be0d851d61d",
                            "total": Object {
                              "amount": "303.03",
                              "currency": "GBP",
                            },
                          },
                        ],
                      }
        }
        isLoading={false}
/>,
      "_debugID": 1,
      "_hostContainerInfo": null,
      "_hostParent": null,
      "_instance": Aggregator {
        "_reactInternalInstance": [Circular],
        "context": Object {},
        "defaults": Object {
          "balanceNow": "",
          "inProfit": true,
          "percentage": "",
          "profitLoss": "",
          "totalPaid": "",
        },
        "props": Object {
          "activeWallet": Object {
            "balance": Object {
              "amount": "800",
              "currency": "GBP",
            },
            "currency": "BTC",
            "id": "58542935-67b5-56e1-a3f9-42686e07fa40",
            "name": "BTC",
            "purchases": Array [
              Object {
                "currency": "BTC",
                "id": "9e14d574-30fa-5d85-b02c-6be0d851d61d",
                "total": Object {
                  "amount": "101.01",
                  "currency": "GBP",
                },
              },
              Object {
                "currency": "BTC",
                "id": "8e14d574-30fa-5d85-b02c-6be0d851d61d",
                "total": Object {
                  "amount": "202.02",
                  "currency": "GBP",
                },
              },
              Object {
                "currency": "BTC",
                "id": "8e14d574-30fa-5d85-b02c-6be0d851d61d",
                "total": Object {
                  "amount": "303.03",
                  "currency": "GBP",
                },
              },
            ],
          },
          "isLoading": false,
        },
        "refs": Object {},
        "state": null,
        "updater": Object {
          "enqueueCallback": [Function],
          "enqueueCallbackInternal": [Function],
          "enqueueElementInternal": [Function],
          "enqueueForceUpdate": [Function],
          "enqueueReplaceState": [Function],
          "enqueueSetState": [Function],
          "isMounted": [Function],
          "validateCallback": [Function],
        },
      },
      "_mountOrder": 1,
      "_pendingCallbacks": null,
      "_pendingElement": null,
      "_pendingForceUpdate": false,
      "_pendingReplaceState": false,
      "_pendingStateQueue": null,
      "_renderedComponent": NoopInternalComponent {
        "_currentElement": <section
          className="aggregator"
>
          <div
                    className="aggregator__container"
          >
                    <h1
                              className="aggregator__pl-currency"
                    >
                              <Indicator
                                        className="aggregator__pl-indicator"
                                        inProfit={true}
                              />
                              <span>
                                        £193.94
                              </span>
                    </h1>
                    <div
                              className="aggregator__metadata"
                    >
                              <span>
                                        £606.06 paid
                              </span>
                              <span>
                                        £800 now
                              </span>
                              <span>
                                        +32%
                              </span>
                    </div>
          </div>
</section>,
        "_debugID": 2,
        "_renderedOutput": <section
          className="aggregator"
>
          <div
                    className="aggregator__container"
          >
                    <h1
                              className="aggregator__pl-currency"
                    >
                              <Indicator
                                        className="aggregator__pl-indicator"
                                        inProfit={true}
                              />
                              <span>
                                        £193.94
                              </span>
                    </h1>
                    <div
                              className="aggregator__metadata"
                    >
                              <span>
                                        £606.06 paid
                              </span>
                              <span>
                                        £800 now
                              </span>
                              <span>
                                        +32%
                              </span>
                    </div>
          </div>
</section>,
      },
      "_renderedNodeType": 0,
      "_rootNodeID": 0,
      "_topLevelWrapper": null,
      "_updateBatchNumber": null,
      "_warnedAboutRefsInRender": false,
    },
    "getRenderOutput": [Function],
    "render": [Function],
  },
  "root": [Circular],
  "unrendered": <Aggregator
    activeWallet={
        Object {
            "balance": Object {
              "amount": "800",
              "currency": "GBP",
            },
            "currency": "BTC",
            "id": "58542935-67b5-56e1-a3f9-42686e07fa40",
            "name": "BTC",
            "purchases": Array [
              Object {
                "currency": "BTC",
                "id": "9e14d574-30fa-5d85-b02c-6be0d851d61d",
                "total": Object {
                  "amount": "101.01",
                  "currency": "GBP",
                },
              },
              Object {
                "currency": "BTC",
                "id": "8e14d574-30fa-5d85-b02c-6be0d851d61d",
                "total": Object {
                  "amount": "202.02",
                  "currency": "GBP",
                },
              },
              Object {
                "currency": "BTC",
                "id": "8e14d574-30fa-5d85-b02c-6be0d851d61d",
                "total": Object {
                  "amount": "303.03",
                  "currency": "GBP",
                },
              },
            ],
          }
    }
    isLoading={false}
/>,
}
`;
